// Jest Snapshot v1, https://goo.gl/fbAQLP

exports[`match snapshot 1`] = `
<div
  class="chakra-input__group css-4302v8"
>
  <input
    class="chakra-input css-1yyyhya"
    name="search"
    placeholder="Type and press enter to search movies..."
    value=""
  />
</div>
`;
